// Jest Snapshot v1, https://goo.gl/fbAQLP

exports[`renders correctly 1`] = `
<View
  style={
    Object {
      "alignSelf": "stretch",
      "flexDirection": "row",
      "flexWrap": "wrap",
      "height": 751,
      "width": 752,
    }
  }
>
  <Image
    source={
      Object {
        "process": [Function],
      }
    }
    style={
      Array [
        Object {
          "bottom": 0,
          "left": 0,
          "position": "absolute",
          "right": 0,
          "top": 0,
        },
        Object {
          "height": 751,
          "width": 752,
        },
        undefined,
      ]
    }
  />
  <View
    style={
      Object {
        "height": 83.44444444444444,
        "width": 83.44444444444444,
      }
    }
  >
    <View
      style={
        Object {
          "alignSelf": "stretch",
          "flex": 1,
        }
      }
    >
      <View
        style={
          Object {
            "alignItems": "center",
            "flex": 1,
            "justifyContent": "center",
          }
        }
      >
        <Text
          accessible={true}
          allowFontScaling={true}
          ellipsizeMode="tail"
          style={
            Object {
              "color": "black",
              "fontSize": 26,
            }
          }
        >
           
        </Text>
      </View>
    </View>
  </View>
  <View
    style={
      Object {
        "height": 83.44444444444444,
        "width": 83.44444444444444,
      }
    }
  >
    <View
      style={
        Object {
          "alignSelf": "stretch",
          "flex": 1,
        }
      }
    >
      <View
        style={
          Object {
            "alignItems": "center",
            "flex": 1,
            "justifyContent": "center",
          }
        }
      >
        <Text
          accessible={true}
          allowFontScaling={true}
          ellipsizeMode="tail"
          style={
            Object {
              "color": "black",
              "fontSize": 26,
            }
          }
        >
           
        </Text>
      </View>
    </View>
  </View>
  <View
    style={
      Object {
        "height": 83.44444444444444,
        "width": 83.44444444444444,
      }
    }
  >
    <View
      style={
        Object {
          "alignSelf": "stretch",
          "flex": 1,
        }
      }
    >
      <View
        style={
          Object {
            "alignItems": "center",
            "flex": 1,
            "justifyContent": "center",
          }
        }
      >
        <Text
          accessible={true}
          allowFontScaling={true}
          ellipsizeMode="tail"
          style={
            Object {
              "color": "black",
              "fontSize": 26,
            }
          }
        >
          5
        </Text>
      </View>
    </View>
  </View>
  <View
    style={
      Object {
        "height": 83.44444444444444,
        "width": 83.44444444444444,
      }
    }
  >
    <View
      style={
        Object {
          "alignSelf": "stretch",
          "flex": 1,
        }
      }
    >
      <View
        style={
          Object {
            "alignItems": "center",
            "flex": 1,
            "justifyContent": "center",
          }
        }
      >
        <Text
          accessible={true}
          allowFontScaling={true}
          ellipsizeMode="tail"
          style={
            Object {
              "color": "black",
              "fontSize": 26,
            }
          }
        >
           
        </Text>
      </View>
    </View>
  </View>
  <View
    style={
      Object {
        "height": 83.44444444444444,
        "width": 83.44444444444444,
      }
    }
  >
    <View
      style={
        Object {
          "alignSelf": "stretch",
          "flex": 1,
        }
      }
    >
      <View
        style={
          Object {
            "alignItems": "center",
            "flex": 1,
            "justifyContent": "center",
          }
        }
      >
        <Text
          accessible={true}
          allowFontScaling={true}
          ellipsizeMode="tail"
          style={
            Object {
              "color": "black",
              "fontSize": 26,
            }
          }
        >
           
        </Text>
      </View>
    </View>
  </View>
  <View
    style={
      Object {
        "height": 83.44444444444444,
        "width": 83.44444444444444,
      }
    }
  >
    <View
      style={
        Object {
          "alignSelf": "stretch",
          "flex": 1,
        }
      }
    >
      <View
        style={
          Object {
            "alignItems": "center",
            "flex": 1,
            "justifyContent": "center",
          }
        }
      >
        <Text
          accessible={true}
          allowFontScaling={true}
          ellipsizeMode="tail"
          style={
            Object {
              "color": "black",
              "fontSize": 26,
            }
          }
        >
           
        </Text>
      </View>
    </View>
  </View>
  <View
    style={
      Object {
        "height": 83.44444444444444,
        "width": 83.44444444444444,
      }
    }
  >
    <View
      style={
        Object {
          "alignSelf": "stretch",
          "flex": 1,
        }
      }
    >
      <View
        style={
          Object {
            "alignItems": "center",
            "flex": 1,
            "justifyContent": "center",
          }
        }
      >
        <Text
          accessible={true}
          allowFontScaling={true}
          ellipsizeMode="tail"
          style={
            Object {
              "color": "black",
              "fontSize": 26,
            }
          }
        >
           
        </Text>
      </View>
    </View>
  </View>
  <View
    style={
      Object {
        "height": 83.44444444444444,
        "width": 83.44444444444444,
      }
    }
  >
    <View
      style={
        Object {
          "alignSelf": "stretch",
          "flex": 1,
        }
      }
    >
      <View
        style={
          Object {
            "alignItems": "center",
            "flex": 1,
            "justifyContent": "center",
          }
        }
      >
        <Text
          accessible={true}
          allowFontScaling={true}
          ellipsizeMode="tail"
          style={
            Object {
              "color": "black",
              "fontSize": 26,
            }
          }
        >
           
        </Text>
      </View>
    </View>
  </View>
  <View
    style={
      Object {
        "height": 83.44444444444444,
        "width": 83.44444444444444,
      }
    }
  >
    <View
      style={
        Object {
          "alignSelf": "stretch",
          "flex": 1,
        }
      }
    >
      <View
        style={
          Object {
            "alignItems": "center",
            "flex": 1,
            "justifyContent": "center",
          }
        }
      >
        <Text
          accessible={true}
          allowFontScaling={true}
          ellipsizeMode="tail"
          style={
            Object {
              "color": "black",
              "fontSize": 26,
            }
          }
        >
          7
        </Text>
      </View>
    </View>
  </View>
  <View
    style={
      Object {
        "height": 83.44444444444444,
        "width": 83.44444444444444,
      }
    }
  >
    <View
      style={
        Object {
          "alignSelf": "stretch",
          "flex": 1,
        }
      }
    >
      <View
        style={
          Object {
            "alignItems": "center",
            "flex": 1,
            "justifyContent": "center",
          }
        }
      >
        <Text
          accessible={true}
          allowFontScaling={true}
          ellipsizeMode="tail"
          style={
            Object {
              "color": "black",
              "fontSize": 26,
            }
          }
        >
           
        </Text>
      </View>
    </View>
  </View>
  <View
    style={
      Object {
        "height": 83.44444444444444,
        "width": 83.44444444444444,
      }
    }
  >
    <View
      style={
        Object {
          "alignSelf": "stretch",
          "flex": 1,
        }
      }
    >
      <View
        style={
          Object {
            "alignItems": "center",
            "flex": 1,
            "justifyContent": "center",
          }
        }
      >
        <Text
          accessible={true}
          allowFontScaling={true}
          ellipsizeMode="tail"
          style={
            Object {
              "color": "black",
              "fontSize": 26,
            }
          }
        >
           
        </Text>
      </View>
    </View>
  </View>
  <View
    style={
      Object {
        "height": 83.44444444444444,
        "width": 83.44444444444444,
      }
    }
  >
    <View
      style={
        Object {
          "alignSelf": "stretch",
          "flex": 1,
        }
      }
    >
      <View
        style={
          Object {
            "alignItems": "center",
            "flex": 1,
            "justifyContent": "center",
          }
        }
      >
        <Text
          accessible={true}
          allowFontScaling={true}
          ellipsizeMode="tail"
          style={
            Object {
              "color": "black",
              "fontSize": 26,
            }
          }
        >
           
        </Text>
      </View>
    </View>
  </View>
  <View
    style={
      Object {
        "height": 83.44444444444444,
        "width": 83.44444444444444,
      }
    }
  >
    <View
      style={
        Object {
          "alignSelf": "stretch",
          "flex": 1,
        }
      }
    >
      <View
        style={
          Object {
            "alignItems": "center",
            "flex": 1,
            "justifyContent": "center",
          }
        }
      >
        <Text
          accessible={true}
          allowFontScaling={true}
          ellipsizeMode="tail"
          style={
            Object {
              "color": "black",
              "fontSize": 26,
            }
          }
        >
           
        </Text>
      </View>
    </View>
  </View>
  <View
    style={
      Object {
        "height": 83.44444444444444,
        "width": 83.44444444444444,
      }
    }
  >
    <View
      style={
        Object {
          "alignSelf": "stretch",
          "flex": 1,
        }
      }
    >
      <View
        style={
          Object {
            "alignItems": "center",
            "flex": 1,
            "justifyContent": "center",
          }
        }
      >
        <Text
          accessible={true}
          allowFontScaling={true}
          ellipsizeMode="tail"
          style={
            Object {
              "color": "black",
              "fontSize": 26,
            }
          }
        >
           
        </Text>
      </View>
    </View>
  </View>
  <View
    style={
      Object {
        "height": 83.44444444444444,
        "width": 83.44444444444444,
      }
    }
  >
    <View
      style={
        Object {
          "alignSelf": "stretch",
          "flex": 1,
        }
      }
    >
      <View
        style={
          Object {
            "alignItems": "center",
            "flex": 1,
            "justifyContent": "center",
          }
        }
      >
        <Text
          accessible={true}
          allowFontScaling={true}
          ellipsizeMode="tail"
          style={
            Object {
              "color": "black",
              "fontSize": 26,
            }
          }
        >
          9
        </Text>
      </View>
    </View>
  </View>
  <View
    style={
      Object {
        "height": 83.44444444444444,
        "width": 83.44444444444444,
      }
    }
  >
    <View
      style={
        Object {
          "alignSelf": "stretch",
          "flex": 1,
        }
      }
    >
      <View
        style={
          Object {
            "alignItems": "center",
            "flex": 1,
            "justifyContent": "center",
          }
        }
      >
        <Text
          accessible={true}
          allowFontScaling={true}
          ellipsizeMode="tail"
          style={
            Object {
              "color": "black",
              "fontSize": 26,
            }
          }
        >
           
        </Text>
      </View>
    </View>
  </View>
  <View
    style={
      Object {
        "height": 83.44444444444444,
        "width": 83.44444444444444,
      }
    }
  >
    <View
      style={
        Object {
          "alignSelf": "stretch",
          "flex": 1,
        }
      }
    >
      <View
        style={
          Object {
            "alignItems": "center",
            "flex": 1,
            "justifyContent": "center",
          }
        }
      >
        <Text
          accessible={true}
          allowFontScaling={true}
          ellipsizeMode="tail"
          style={
            Object {
              "color": "black",
              "fontSize": 26,
            }
          }
        >
           
        </Text>
      </View>
    </View>
  </View>
  <View
    style={
      Object {
        "height": 83.44444444444444,
        "width": 83.44444444444444,
      }
    }
  >
    <View
      style={
        Object {
          "alignSelf": "stretch",
          "flex": 1,
        }
      }
    >
      <View
        style={
          Object {
            "alignItems": "center",
            "flex": 1,
            "justifyContent": "center",
          }
        }
      >
        <Text
          accessible={true}
          allowFontScaling={true}
          ellipsizeMode="tail"
          style={
            Object {
              "color": "black",
              "fontSize": 26,
            }
          }
        >
          5
        </Text>
      </View>
    </View>
  </View>
  <View
    style={
      Object {
        "height": 83.44444444444444,
        "width": 83.44444444444444,
      }
    }
  >
    <View
      style={
        Object {
          "alignSelf": "stretch",
          "flex": 1,
        }
      }
    >
      <View
        style={
          Object {
            "alignItems": "center",
            "flex": 1,
            "justifyContent": "center",
          }
        }
      >
        <Text
          accessible={true}
          allowFontScaling={true}
          ellipsizeMode="tail"
          style={
            Object {
              "color": "black",
              "fontSize": 26,
            }
          }
        >
          9
        </Text>
      </View>
    </View>
  </View>
  <View
    style={
      Object {
        "height": 83.44444444444444,
        "width": 83.44444444444444,
      }
    }
  >
    <View
      style={
        Object {
          "alignSelf": "stretch",
          "flex": 1,
        }
      }
    >
      <View
        style={
          Object {
            "alignItems": "center",
            "flex": 1,
            "justifyContent": "center",
          }
        }
      >
        <Text
          accessible={true}
          allowFontScaling={true}
          ellipsizeMode="tail"
          style={
            Object {
              "color": "black",
              "fontSize": 26,
            }
          }
        >
           
        </Text>
      </View>
    </View>
  </View>
  <View
    style={
      Object {
        "height": 83.44444444444444,
        "width": 83.44444444444444,
      }
    }
  >
    <View
      style={
        Object {
          "alignSelf": "stretch",
          "flex": 1,
        }
      }
    >
      <View
        style={
          Object {
            "alignItems": "center",
            "flex": 1,
            "justifyContent": "center",
          }
        }
      >
        <Text
          accessible={true}
          allowFontScaling={true}
          ellipsizeMode="tail"
          style={
            Object {
              "color": "black",
              "fontSize": 26,
            }
          }
        >
           
        </Text>
      </View>
    </View>
  </View>
  <View
    style={
      Object {
        "height": 83.44444444444444,
        "width": 83.44444444444444,
      }
    }
  >
    <View
      style={
        Object {
          "alignSelf": "stretch",
          "flex": 1,
        }
      }
    >
      <View
        style={
          Object {
            "alignItems": "center",
            "flex": 1,
            "justifyContent": "center",
          }
        }
      >
        <Text
          accessible={true}
          allowFontScaling={true}
          ellipsizeMode="tail"
          style={
            Object {
              "color": "black",
              "fontSize": 26,
            }
          }
        >
          5
        </Text>
      </View>
    </View>
  </View>
  <View
    style={
      Object {
        "height": 83.44444444444444,
        "width": 83.44444444444444,
      }
    }
  >
    <View
      style={
        Object {
          "alignSelf": "stretch",
          "flex": 1,
        }
      }
    >
      <View
        style={
          Object {
            "alignItems": "center",
            "flex": 1,
            "justifyContent": "center",
          }
        }
      >
        <Text
          accessible={true}
          allowFontScaling={true}
          ellipsizeMode="tail"
          style={
            Object {
              "color": "black",
              "fontSize": 26,
            }
          }
        >
           
        </Text>
      </View>
    </View>
  </View>
  <View
    style={
      Object {
        "height": 83.44444444444444,
        "width": 83.44444444444444,
      }
    }
  >
    <View
      style={
        Object {
          "alignSelf": "stretch",
          "flex": 1,
        }
      }
    >
      <View
        style={
          Object {
            "alignItems": "center",
            "flex": 1,
            "justifyContent": "center",
          }
        }
      >
        <Text
          accessible={true}
          allowFontScaling={true}
          ellipsizeMode="tail"
          style={
            Object {
              "color": "black",
              "fontSize": 26,
            }
          }
        >
          6
        </Text>
      </View>
    </View>
  </View>
  <View
    style={
      Object {
        "height": 83.44444444444444,
        "width": 83.44444444444444,
      }
    }
  >
    <View
      style={
        Object {
          "alignSelf": "stretch",
          "flex": 1,
        }
      }
    >
      <View
        style={
          Object {
            "alignItems": "center",
            "flex": 1,
            "justifyContent": "center",
          }
        }
      >
        <Text
          accessible={true}
          allowFontScaling={true}
          ellipsizeMode="tail"
          style={
            Object {
              "color": "black",
              "fontSize": 26,
            }
          }
        >
           
        </Text>
      </View>
    </View>
  </View>
  <View
    style={
      Object {
        "height": 83.44444444444444,
        "width": 83.44444444444444,
      }
    }
  >
    <View
      style={
        Object {
          "alignSelf": "stretch",
          "flex": 1,
        }
      }
    >
      <View
        style={
          Object {
            "alignItems": "center",
            "flex": 1,
            "justifyContent": "center",
          }
        }
      >
        <Text
          accessible={true}
          allowFontScaling={true}
          ellipsizeMode="tail"
          style={
            Object {
              "color": "black",
              "fontSize": 26,
            }
          }
        >
           
        </Text>
      </View>
    </View>
  </View>
  <View
    style={
      Object {
        "height": 83.44444444444444,
        "width": 83.44444444444444,
      }
    }
  >
    <View
      style={
        Object {
          "alignSelf": "stretch",
          "flex": 1,
        }
      }
    >
      <View
        style={
          Object {
            "alignItems": "center",
            "flex": 1,
            "justifyContent": "center",
          }
        }
      >
        <Text
          accessible={true}
          allowFontScaling={true}
          ellipsizeMode="tail"
          style={
            Object {
              "color": "black",
              "fontSize": 26,
            }
          }
        >
           
        </Text>
      </View>
    </View>
  </View>
  <View
    style={
      Object {
        "height": 83.44444444444444,
        "width": 83.44444444444444,
      }
    }
  >
    <View
      style={
        Object {
          "alignSelf": "stretch",
          "flex": 1,
        }
      }
    >
      <View
        style={
          Object {
            "alignItems": "center",
            "flex": 1,
            "justifyContent": "center",
          }
        }
      >
        <Text
          accessible={true}
          allowFontScaling={true}
          ellipsizeMode="tail"
          style={
            Object {
              "color": "black",
              "fontSize": 26,
            }
          }
        >
           
        </Text>
      </View>
    </View>
  </View>
  <View
    style={
      Object {
        "height": 83.44444444444444,
        "width": 83.44444444444444,
      }
    }
  >
    <View
      style={
        Object {
          "alignSelf": "stretch",
          "flex": 1,
        }
      }
    >
      <View
        style={
          Object {
            "alignItems": "center",
            "flex": 1,
            "justifyContent": "center",
          }
        }
      >
        <Text
          accessible={true}
          allowFontScaling={true}
          ellipsizeMode="tail"
          style={
            Object {
              "color": "black",
              "fontSize": 26,
            }
          }
        >
           
        </Text>
      </View>
    </View>
  </View>
  <View
    style={
      Object {
        "height": 83.44444444444444,
        "width": 83.44444444444444,
      }
    }
  >
    <View
      style={
        Object {
          "alignSelf": "stretch",
          "flex": 1,
        }
      }
    >
      <View
        style={
          Object {
            "alignItems": "center",
            "flex": 1,
            "justifyContent": "center",
          }
        }
      >
        <Text
          accessible={true}
          allowFontScaling={true}
          ellipsizeMode="tail"
          style={
            Object {
              "color": "black",
              "fontSize": 26,
            }
          }
        >
          4
        </Text>
      </View>
    </View>
  </View>
  <View
    style={
      Object {
        "height": 83.44444444444444,
        "width": 83.44444444444444,
      }
    }
  >
    <View
      style={
        Object {
          "alignSelf": "stretch",
          "flex": 1,
        }
      }
    >
      <View
        style={
          Object {
            "alignItems": "center",
            "flex": 1,
            "justifyContent": "center",
          }
        }
      >
        <Text
          accessible={true}
          allowFontScaling={true}
          ellipsizeMode="tail"
          style={
            Object {
              "color": "black",
              "fontSize": 26,
            }
          }
        >
           
        </Text>
      </View>
    </View>
  </View>
  <View
    style={
      Object {
        "height": 83.44444444444444,
        "width": 83.44444444444444,
      }
    }
  >
    <View
      style={
        Object {
          "alignSelf": "stretch",
          "flex": 1,
        }
      }
    >
      <View
        style={
          Object {
            "alignItems": "center",
            "flex": 1,
            "justifyContent": "center",
          }
        }
      >
        <Text
          accessible={true}
          allowFontScaling={true}
          ellipsizeMode="tail"
          style={
            Object {
              "color": "black",
              "fontSize": 26,
            }
          }
        >
           
        </Text>
      </View>
    </View>
  </View>
  <View
    style={
      Object {
        "height": 83.44444444444444,
        "width": 83.44444444444444,
      }
    }
  >
    <View
      style={
        Object {
          "alignSelf": "stretch",
          "flex": 1,
        }
      }
    >
      <View
        style={
          Object {
            "alignItems": "center",
            "flex": 1,
            "justifyContent": "center",
          }
        }
      >
        <Text
          accessible={true}
          allowFontScaling={true}
          ellipsizeMode="tail"
          style={
            Object {
              "color": "black",
              "fontSize": 26,
            }
          }
        >
          8
        </Text>
      </View>
    </View>
  </View>
  <View
    style={
      Object {
        "height": 83.44444444444444,
        "width": 83.44444444444444,
      }
    }
  >
    <View
      style={
        Object {
          "alignSelf": "stretch",
          "flex": 1,
        }
      }
    >
      <View
        style={
          Object {
            "alignItems": "center",
            "flex": 1,
            "justifyContent": "center",
          }
        }
      >
        <Text
          accessible={true}
          allowFontScaling={true}
          ellipsizeMode="tail"
          style={
            Object {
              "color": "black",
              "fontSize": 26,
            }
          }
        >
           
        </Text>
      </View>
    </View>
  </View>
  <View
    style={
      Object {
        "height": 83.44444444444444,
        "width": 83.44444444444444,
      }
    }
  >
    <View
      style={
        Object {
          "alignSelf": "stretch",
          "flex": 1,
        }
      }
    >
      <View
        style={
          Object {
            "alignItems": "center",
            "flex": 1,
            "justifyContent": "center",
          }
        }
      >
        <Text
          accessible={true}
          allowFontScaling={true}
          ellipsizeMode="tail"
          style={
            Object {
              "color": "black",
              "fontSize": 26,
            }
          }
        >
           
        </Text>
      </View>
    </View>
  </View>
  <View
    style={
      Object {
        "height": 83.44444444444444,
        "width": 83.44444444444444,
      }
    }
  >
    <View
      style={
        Object {
          "alignSelf": "stretch",
          "flex": 1,
        }
      }
    >
      <View
        style={
          Object {
            "alignItems": "center",
            "flex": 1,
            "justifyContent": "center",
          }
        }
      >
        <Text
          accessible={true}
          allowFontScaling={true}
          ellipsizeMode="tail"
          style={
            Object {
              "color": "black",
              "fontSize": 26,
            }
          }
        >
           
        </Text>
      </View>
    </View>
  </View>
  <View
    style={
      Object {
        "height": 83.44444444444444,
        "width": 83.44444444444444,
      }
    }
  >
    <View
      style={
        Object {
          "alignSelf": "stretch",
          "flex": 1,
        }
      }
    >
      <View
        style={
          Object {
            "alignItems": "center",
            "flex": 1,
            "justifyContent": "center",
          }
        }
      >
        <Text
          accessible={true}
          allowFontScaling={true}
          ellipsizeMode="tail"
          style={
            Object {
              "color": "black",
              "fontSize": 26,
            }
          }
        >
           
        </Text>
      </View>
    </View>
  </View>
  <View
    style={
      Object {
        "height": 83.44444444444444,
        "width": 83.44444444444444,
      }
    }
  >
    <View
      style={
        Object {
          "alignSelf": "stretch",
          "flex": 1,
        }
      }
    >
      <View
        style={
          Object {
            "alignItems": "center",
            "flex": 1,
            "justifyContent": "center",
          }
        }
      >
        <Text
          accessible={true}
          allowFontScaling={true}
          ellipsizeMode="tail"
          style={
            Object {
              "color": "black",
              "fontSize": 26,
            }
          }
        >
           
        </Text>
      </View>
    </View>
  </View>
  <View
    style={
      Object {
        "height": 83.44444444444444,
        "width": 83.44444444444444,
      }
    }
  >
    <View
      style={
        Object {
          "alignSelf": "stretch",
          "flex": 1,
        }
      }
    >
      <View
        style={
          Object {
            "alignItems": "center",
            "flex": 1,
            "justifyContent": "center",
          }
        }
      >
        <Text
          accessible={true}
          allowFontScaling={true}
          ellipsizeMode="tail"
          style={
            Object {
              "color": "black",
              "fontSize": 26,
            }
          }
        >
          7
        </Text>
      </View>
    </View>
  </View>
  <View
    style={
      Object {
        "height": 83.44444444444444,
        "width": 83.44444444444444,
      }
    }
  >
    <View
      style={
        Object {
          "alignSelf": "stretch",
          "flex": 1,
        }
      }
    >
      <View
        style={
          Object {
            "alignItems": "center",
            "flex": 1,
            "justifyContent": "center",
          }
        }
      >
        <Text
          accessible={true}
          allowFontScaling={true}
          ellipsizeMode="tail"
          style={
            Object {
              "color": "black",
              "fontSize": 26,
            }
          }
        >
           
        </Text>
      </View>
    </View>
  </View>
  <View
    style={
      Object {
        "height": 83.44444444444444,
        "width": 83.44444444444444,
      }
    }
  >
    <View
      style={
        Object {
          "alignSelf": "stretch",
          "flex": 1,
        }
      }
    >
      <View
        style={
          Object {
            "alignItems": "center",
            "flex": 1,
            "justifyContent": "center",
          }
        }
      >
        <Text
          accessible={true}
          allowFontScaling={true}
          ellipsizeMode="tail"
          style={
            Object {
              "color": "black",
              "fontSize": 26,
            }
          }
        >
          9
        </Text>
      </View>
    </View>
  </View>
  <View
    style={
      Object {
        "height": 83.44444444444444,
        "width": 83.44444444444444,
      }
    }
  >
    <View
      style={
        Object {
          "alignSelf": "stretch",
          "flex": 1,
        }
      }
    >
      <View
        style={
          Object {
            "alignItems": "center",
            "flex": 1,
            "justifyContent": "center",
          }
        }
      >
        <Text
          accessible={true}
          allowFontScaling={true}
          ellipsizeMode="tail"
          style={
            Object {
              "color": "black",
              "fontSize": 26,
            }
          }
        >
           
        </Text>
      </View>
    </View>
  </View>
  <View
    style={
      Object {
        "height": 83.44444444444444,
        "width": 83.44444444444444,
      }
    }
  >
    <View
      style={
        Object {
          "alignSelf": "stretch",
          "flex": 1,
        }
      }
    >
      <View
        style={
          Object {
            "alignItems": "center",
            "flex": 1,
            "justifyContent": "center",
          }
        }
      >
        <Text
          accessible={true}
          allowFontScaling={true}
          ellipsizeMode="tail"
          style={
            Object {
              "color": "black",
              "fontSize": 26,
            }
          }
        >
          2
        </Text>
      </View>
    </View>
  </View>
  <View
    style={
      Object {
        "height": 83.44444444444444,
        "width": 83.44444444444444,
      }
    }
  >
    <View
      style={
        Object {
          "alignSelf": "stretch",
          "flex": 1,
        }
      }
    >
      <View
        style={
          Object {
            "alignItems": "center",
            "flex": 1,
            "justifyContent": "center",
          }
        }
      >
        <Text
          accessible={true}
          allowFontScaling={true}
          ellipsizeMode="tail"
          style={
            Object {
              "color": "black",
              "fontSize": 26,
            }
          }
        >
          4
        </Text>
      </View>
    </View>
  </View>
  <View
    style={
      Object {
        "height": 83.44444444444444,
        "width": 83.44444444444444,
      }
    }
  >
    <View
      style={
        Object {
          "alignSelf": "stretch",
          "flex": 1,
        }
      }
    >
      <View
        style={
          Object {
            "alignItems": "center",
            "flex": 1,
            "justifyContent": "center",
          }
        }
      >
        <Text
          accessible={true}
          allowFontScaling={true}
          ellipsizeMode="tail"
          style={
            Object {
              "color": "black",
              "fontSize": 26,
            }
          }
        >
           
        </Text>
      </View>
    </View>
  </View>
  <View
    style={
      Object {
        "height": 83.44444444444444,
        "width": 83.44444444444444,
      }
    }
  >
    <View
      style={
        Object {
          "alignSelf": "stretch",
          "flex": 1,
        }
      }
    >
      <View
        style={
          Object {
            "alignItems": "center",
            "flex": 1,
            "justifyContent": "center",
          }
        }
      >
        <Text
          accessible={true}
          allowFontScaling={true}
          ellipsizeMode="tail"
          style={
            Object {
              "color": "black",
              "fontSize": 26,
            }
          }
        >
          1
        </Text>
      </View>
    </View>
  </View>
  <View
    style={
      Object {
        "height": 83.44444444444444,
        "width": 83.44444444444444,
      }
    }
  >
    <View
      style={
        Object {
          "alignSelf": "stretch",
          "flex": 1,
        }
      }
    >
      <View
        style={
          Object {
            "alignItems": "center",
            "flex": 1,
            "justifyContent": "center",
          }
        }
      >
        <Text
          accessible={true}
          allowFontScaling={true}
          ellipsizeMode="tail"
          style={
            Object {
              "color": "black",
              "fontSize": 26,
            }
          }
        >
          8
        </Text>
      </View>
    </View>
  </View>
  <View
    style={
      Object {
        "height": 83.44444444444444,
        "width": 83.44444444444444,
      }
    }
  >
    <View
      style={
        Object {
          "alignSelf": "stretch",
          "flex": 1,
        }
      }
    >
      <View
        style={
          Object {
            "alignItems": "center",
            "flex": 1,
            "justifyContent": "center",
          }
        }
      >
        <Text
          accessible={true}
          allowFontScaling={true}
          ellipsizeMode="tail"
          style={
            Object {
              "color": "black",
              "fontSize": 26,
            }
          }
        >
           
        </Text>
      </View>
    </View>
  </View>
  <View
    style={
      Object {
        "height": 83.44444444444444,
        "width": 83.44444444444444,
      }
    }
  >
    <View
      style={
        Object {
          "alignSelf": "stretch",
          "flex": 1,
        }
      }
    >
      <View
        style={
          Object {
            "alignItems": "center",
            "flex": 1,
            "justifyContent": "center",
          }
        }
      >
        <Text
          accessible={true}
          allowFontScaling={true}
          ellipsizeMode="tail"
          style={
            Object {
              "color": "black",
              "fontSize": 26,
            }
          }
        >
           
        </Text>
      </View>
    </View>
  </View>
  <View
    style={
      Object {
        "height": 83.44444444444444,
        "width": 83.44444444444444,
      }
    }
  >
    <View
      style={
        Object {
          "alignSelf": "stretch",
          "flex": 1,
        }
      }
    >
      <View
        style={
          Object {
            "alignItems": "center",
            "flex": 1,
            "justifyContent": "center",
          }
        }
      >
        <Text
          accessible={true}
          allowFontScaling={true}
          ellipsizeMode="tail"
          style={
            Object {
              "color": "black",
              "fontSize": 26,
            }
          }
        >
           
        </Text>
      </View>
    </View>
  </View>
  <View
    style={
      Object {
        "height": 83.44444444444444,
        "width": 83.44444444444444,
      }
    }
  >
    <View
      style={
        Object {
          "alignSelf": "stretch",
          "flex": 1,
        }
      }
    >
      <View
        style={
          Object {
            "alignItems": "center",
            "flex": 1,
            "justifyContent": "center",
          }
        }
      >
        <Text
          accessible={true}
          allowFontScaling={true}
          ellipsizeMode="tail"
          style={
            Object {
              "color": "black",
              "fontSize": 26,
            }
          }
        >
           
        </Text>
      </View>
    </View>
  </View>
  <View
    style={
      Object {
        "height": 83.44444444444444,
        "width": 83.44444444444444,
      }
    }
  >
    <View
      style={
        Object {
          "alignSelf": "stretch",
          "flex": 1,
        }
      }
    >
      <View
        style={
          Object {
            "alignItems": "center",
            "flex": 1,
            "justifyContent": "center",
          }
        }
      >
        <Text
          accessible={true}
          allowFontScaling={true}
          ellipsizeMode="tail"
          style={
            Object {
              "color": "black",
              "fontSize": 26,
            }
          }
        >
          3
        </Text>
      </View>
    </View>
  </View>
  <View
    style={
      Object {
        "height": 83.44444444444444,
        "width": 83.44444444444444,
      }
    }
  >
    <View
      style={
        Object {
          "alignSelf": "stretch",
          "flex": 1,
        }
      }
    >
      <View
        style={
          Object {
            "alignItems": "center",
            "flex": 1,
            "justifyContent": "center",
          }
        }
      >
        <Text
          accessible={true}
          allowFontScaling={true}
          ellipsizeMode="tail"
          style={
            Object {
              "color": "black",
              "fontSize": 26,
            }
          }
        >
           
        </Text>
      </View>
    </View>
  </View>
  <View
    style={
      Object {
        "height": 83.44444444444444,
        "width": 83.44444444444444,
      }
    }
  >
    <View
      style={
        Object {
          "alignSelf": "stretch",
          "flex": 1,
        }
      }
    >
      <View
        style={
          Object {
            "alignItems": "center",
            "flex": 1,
            "justifyContent": "center",
          }
        }
      >
        <Text
          accessible={true}
          allowFontScaling={true}
          ellipsizeMode="tail"
          style={
            Object {
              "color": "black",
              "fontSize": 26,
            }
          }
        >
           
        </Text>
      </View>
    </View>
  </View>
  <View
    style={
      Object {
        "height": 83.44444444444444,
        "width": 83.44444444444444,
      }
    }
  >
    <View
      style={
        Object {
          "alignSelf": "stretch",
          "flex": 1,
        }
      }
    >
      <View
        style={
          Object {
            "alignItems": "center",
            "flex": 1,
            "justifyContent": "center",
          }
        }
      >
        <Text
          accessible={true}
          allowFontScaling={true}
          ellipsizeMode="tail"
          style={
            Object {
              "color": "black",
              "fontSize": 26,
            }
          }
        >
          6
        </Text>
      </View>
    </View>
  </View>
  <View
    style={
      Object {
        "height": 83.44444444444444,
        "width": 83.44444444444444,
      }
    }
  >
    <View
      style={
        Object {
          "alignSelf": "stretch",
          "flex": 1,
        }
      }
    >
      <View
        style={
          Object {
            "alignItems": "center",
            "flex": 1,
            "justifyContent": "center",
          }
        }
      >
        <Text
          accessible={true}
          allowFontScaling={true}
          ellipsizeMode="tail"
          style={
            Object {
              "color": "black",
              "fontSize": 26,
            }
          }
        >
           
        </Text>
      </View>
    </View>
  </View>
  <View
    style={
      Object {
        "height": 83.44444444444444,
        "width": 83.44444444444444,
      }
    }
  >
    <View
      style={
        Object {
          "alignSelf": "stretch",
          "flex": 1,
        }
      }
    >
      <View
        style={
          Object {
            "alignItems": "center",
            "flex": 1,
            "justifyContent": "center",
          }
        }
      >
        <Text
          accessible={true}
          allowFontScaling={true}
          ellipsizeMode="tail"
          style={
            Object {
              "color": "black",
              "fontSize": 26,
            }
          }
        >
           
        </Text>
      </View>
    </View>
  </View>
  <View
    style={
      Object {
        "height": 83.44444444444444,
        "width": 83.44444444444444,
      }
    }
  >
    <View
      style={
        Object {
          "alignSelf": "stretch",
          "flex": 1,
        }
      }
    >
      <View
        style={
          Object {
            "alignItems": "center",
            "flex": 1,
            "justifyContent": "center",
          }
        }
      >
        <Text
          accessible={true}
          allowFontScaling={true}
          ellipsizeMode="tail"
          style={
            Object {
              "color": "black",
              "fontSize": 26,
            }
          }
        >
           
        </Text>
      </View>
    </View>
  </View>
  <View
    style={
      Object {
        "height": 83.44444444444444,
        "width": 83.44444444444444,
      }
    }
  >
    <View
      style={
        Object {
          "alignSelf": "stretch",
          "flex": 1,
        }
      }
    >
      <View
        style={
          Object {
            "alignItems": "center",
            "flex": 1,
            "justifyContent": "center",
          }
        }
      >
        <Text
          accessible={true}
          allowFontScaling={true}
          ellipsizeMode="tail"
          style={
            Object {
              "color": "black",
              "fontSize": 26,
            }
          }
        >
          3
        </Text>
      </View>
    </View>
  </View>
  <View
    style={
      Object {
        "height": 83.44444444444444,
        "width": 83.44444444444444,
      }
    }
  >
    <View
      style={
        Object {
          "alignSelf": "stretch",
          "flex": 1,
        }
      }
    >
      <View
        style={
          Object {
            "alignItems": "center",
            "flex": 1,
            "justifyContent": "center",
          }
        }
      >
        <Text
          accessible={true}
          allowFontScaling={true}
          ellipsizeMode="tail"
          style={
            Object {
              "color": "black",
              "fontSize": 26,
            }
          }
        >
          1
        </Text>
      </View>
    </View>
  </View>
  <View
    style={
      Object {
        "height": 83.44444444444444,
        "width": 83.44444444444444,
      }
    }
  >
    <View
      style={
        Object {
          "alignSelf": "stretch",
          "flex": 1,
        }
      }
    >
      <View
        style={
          Object {
            "alignItems": "center",
            "flex": 1,
            "justifyContent": "center",
          }
        }
      >
        <Text
          accessible={true}
          allowFontScaling={true}
          ellipsizeMode="tail"
          style={
            Object {
              "color": "black",
              "fontSize": 26,
            }
          }
        >
          4
        </Text>
      </View>
    </View>
  </View>
  <View
    style={
      Object {
        "height": 83.44444444444444,
        "width": 83.44444444444444,
      }
    }
  >
    <View
      style={
        Object {
          "alignSelf": "stretch",
          "flex": 1,
        }
      }
    >
      <View
        style={
          Object {
            "alignItems": "center",
            "flex": 1,
            "justifyContent": "center",
          }
        }
      >
        <Text
          accessible={true}
          allowFontScaling={true}
          ellipsizeMode="tail"
          style={
            Object {
              "color": "black",
              "fontSize": 26,
            }
          }
        >
           
        </Text>
      </View>
    </View>
  </View>
  <View
    style={
      Object {
        "height": 83.44444444444444,
        "width": 83.44444444444444,
      }
    }
  >
    <View
      style={
        Object {
          "alignSelf": "stretch",
          "flex": 1,
        }
      }
    >
      <View
        style={
          Object {
            "alignItems": "center",
            "flex": 1,
            "justifyContent": "center",
          }
        }
      >
        <Text
          accessible={true}
          allowFontScaling={true}
          ellipsizeMode="tail"
          style={
            Object {
              "color": "black",
              "fontSize": 26,
            }
          }
        >
           
        </Text>
      </View>
    </View>
  </View>
  <View
    style={
      Object {
        "height": 83.44444444444444,
        "width": 83.44444444444444,
      }
    }
  >
    <View
      style={
        Object {
          "alignSelf": "stretch",
          "flex": 1,
        }
      }
    >
      <View
        style={
          Object {
            "alignItems": "center",
            "flex": 1,
            "justifyContent": "center",
          }
        }
      >
        <Text
          accessible={true}
          allowFontScaling={true}
          ellipsizeMode="tail"
          style={
            Object {
              "color": "black",
              "fontSize": 26,
            }
          }
        >
          3
        </Text>
      </View>
    </View>
  </View>
  <View
    style={
      Object {
        "height": 83.44444444444444,
        "width": 83.44444444444444,
      }
    }
  >
    <View
      style={
        Object {
          "alignSelf": "stretch",
          "flex": 1,
        }
      }
    >
      <View
        style={
          Object {
            "alignItems": "center",
            "flex": 1,
            "justifyContent": "center",
          }
        }
      >
        <Text
          accessible={true}
          allowFontScaling={true}
          ellipsizeMode="tail"
          style={
            Object {
              "color": "black",
              "fontSize": 26,
            }
          }
        >
           
        </Text>
      </View>
    </View>
  </View>
  <View
    style={
      Object {
        "height": 83.44444444444444,
        "width": 83.44444444444444,
      }
    }
  >
    <View
      style={
        Object {
          "alignSelf": "stretch",
          "flex": 1,
        }
      }
    >
      <View
        style={
          Object {
            "alignItems": "center",
            "flex": 1,
            "justifyContent": "center",
          }
        }
      >
        <Text
          accessible={true}
          allowFontScaling={true}
          ellipsizeMode="tail"
          style={
            Object {
              "color": "black",
              "fontSize": 26,
            }
          }
        >
           
        </Text>
      </View>
    </View>
  </View>
  <View
    style={
      Object {
        "height": 83.44444444444444,
        "width": 83.44444444444444,
      }
    }
  >
    <View
      style={
        Object {
          "alignSelf": "stretch",
          "flex": 1,
        }
      }
    >
      <View
        style={
          Object {
            "alignItems": "center",
            "flex": 1,
            "justifyContent": "center",
          }
        }
      >
        <Text
          accessible={true}
          allowFontScaling={true}
          ellipsizeMode="tail"
          style={
            Object {
              "color": "black",
              "fontSize": 26,
            }
          }
        >
          2
        </Text>
      </View>
    </View>
  </View>
  <View
    style={
      Object {
        "height": 83.44444444444444,
        "width": 83.44444444444444,
      }
    }
  >
    <View
      style={
        Object {
          "alignSelf": "stretch",
          "flex": 1,
        }
      }
    >
      <View
        style={
          Object {
            "alignItems": "center",
            "flex": 1,
            "justifyContent": "center",
          }
        }
      >
        <Text
          accessible={true}
          allowFontScaling={true}
          ellipsizeMode="tail"
          style={
            Object {
              "color": "black",
              "fontSize": 26,
            }
          }
        >
           
        </Text>
      </View>
    </View>
  </View>
  <View
    style={
      Object {
        "height": 83.44444444444444,
        "width": 83.44444444444444,
      }
    }
  >
    <View
      style={
        Object {
          "alignSelf": "stretch",
          "flex": 1,
        }
      }
    >
      <View
        style={
          Object {
            "alignItems": "center",
            "flex": 1,
            "justifyContent": "center",
          }
        }
      >
        <Text
          accessible={true}
          allowFontScaling={true}
          ellipsizeMode="tail"
          style={
            Object {
              "color": "black",
              "fontSize": 26,
            }
          }
        >
           
        </Text>
      </View>
    </View>
  </View>
  <View
    style={
      Object {
        "height": 83.44444444444444,
        "width": 83.44444444444444,
      }
    }
  >
    <View
      style={
        Object {
          "alignSelf": "stretch",
          "flex": 1,
        }
      }
    >
      <View
        style={
          Object {
            "alignItems": "center",
            "flex": 1,
            "justifyContent": "center",
          }
        }
      >
        <Text
          accessible={true}
          allowFontScaling={true}
          ellipsizeMode="tail"
          style={
            Object {
              "color": "black",
              "fontSize": 26,
            }
          }
        >
           
        </Text>
      </View>
    </View>
  </View>
  <View
    style={
      Object {
        "height": 83.44444444444444,
        "width": 83.44444444444444,
      }
    }
  >
    <View
      style={
        Object {
          "alignSelf": "stretch",
          "flex": 1,
        }
      }
    >
      <View
        style={
          Object {
            "alignItems": "center",
            "flex": 1,
            "justifyContent": "center",
          }
        }
      >
        <Text
          accessible={true}
          allowFontScaling={true}
          ellipsizeMode="tail"
          style={
            Object {
              "color": "black",
              "fontSize": 26,
            }
          }
        >
           
        </Text>
      </View>
    </View>
  </View>
  <View
    style={
      Object {
        "height": 83.44444444444444,
        "width": 83.44444444444444,
      }
    }
  >
    <View
      style={
        Object {
          "alignSelf": "stretch",
          "flex": 1,
        }
      }
    >
      <View
        style={
          Object {
            "alignItems": "center",
            "flex": 1,
            "justifyContent": "center",
          }
        }
      >
        <Text
          accessible={true}
          allowFontScaling={true}
          ellipsizeMode="tail"
          style={
            Object {
              "color": "black",
              "fontSize": 26,
            }
          }
        >
           
        </Text>
      </View>
    </View>
  </View>
  <View
    style={
      Object {
        "height": 83.44444444444444,
        "width": 83.44444444444444,
      }
    }
  >
    <View
      style={
        Object {
          "alignSelf": "stretch",
          "flex": 1,
        }
      }
    >
      <View
        style={
          Object {
            "alignItems": "center",
            "flex": 1,
            "justifyContent": "center",
          }
        }
      >
        <Text
          accessible={true}
          allowFontScaling={true}
          ellipsizeMode="tail"
          style={
            Object {
              "color": "black",
              "fontSize": 26,
            }
          }
        >
          4
        </Text>
      </View>
    </View>
  </View>
  <View
    style={
      Object {
        "height": 83.44444444444444,
        "width": 83.44444444444444,
      }
    }
  >
    <View
      style={
        Object {
          "alignSelf": "stretch",
          "flex": 1,
        }
      }
    >
      <View
        style={
          Object {
            "alignItems": "center",
            "flex": 1,
            "justifyContent": "center",
          }
        }
      >
        <Text
          accessible={true}
          allowFontScaling={true}
          ellipsizeMode="tail"
          style={
            Object {
              "color": "black",
              "fontSize": 26,
            }
          }
        >
           
        </Text>
      </View>
    </View>
  </View>
  <View
    style={
      Object {
        "height": 83.44444444444444,
        "width": 83.44444444444444,
      }
    }
  >
    <View
      style={
        Object {
          "alignSelf": "stretch",
          "flex": 1,
        }
      }
    >
      <View
        style={
          Object {
            "alignItems": "center",
            "flex": 1,
            "justifyContent": "center",
          }
        }
      >
        <Text
          accessible={true}
          allowFontScaling={true}
          ellipsizeMode="tail"
          style={
            Object {
              "color": "black",
              "fontSize": 26,
            }
          }
        >
          2
        </Text>
      </View>
    </View>
  </View>
  <View
    style={
      Object {
        "height": 83.44444444444444,
        "width": 83.44444444444444,
      }
    }
  >
    <View
      style={
        Object {
          "alignSelf": "stretch",
          "flex": 1,
        }
      }
    >
      <View
        style={
          Object {
            "alignItems": "center",
            "flex": 1,
            "justifyContent": "center",
          }
        }
      >
        <Text
          accessible={true}
          allowFontScaling={true}
          ellipsizeMode="tail"
          style={
            Object {
              "color": "black",
              "fontSize": 26,
            }
          }
        >
          7
        </Text>
      </View>
    </View>
  </View>
  <View
    style={
      Object {
        "height": 83.44444444444444,
        "width": 83.44444444444444,
      }
    }
  >
    <View
      style={
        Object {
          "alignSelf": "stretch",
          "flex": 1,
        }
      }
    >
      <View
        style={
          Object {
            "alignItems": "center",
            "flex": 1,
            "justifyContent": "center",
          }
        }
      >
        <Text
          accessible={true}
          allowFontScaling={true}
          ellipsizeMode="tail"
          style={
            Object {
              "color": "black",
              "fontSize": 26,
            }
          }
        >
           
        </Text>
      </View>
    </View>
  </View>
  <View
    style={
      Object {
        "height": 83.44444444444444,
        "width": 83.44444444444444,
      }
    }
  >
    <View
      style={
        Object {
          "alignSelf": "stretch",
          "flex": 1,
        }
      }
    >
      <View
        style={
          Object {
            "alignItems": "center",
            "flex": 1,
            "justifyContent": "center",
          }
        }
      >
        <Text
          accessible={true}
          allowFontScaling={true}
          ellipsizeMode="tail"
          style={
            Object {
              "color": "black",
              "fontSize": 26,
            }
          }
        >
           
        </Text>
      </View>
    </View>
  </View>
  <View
    style={
      Object {
        "height": 83.44444444444444,
        "width": 83.44444444444444,
      }
    }
  >
    <View
      style={
        Object {
          "alignSelf": "stretch",
          "flex": 1,
        }
      }
    >
      <View
        style={
          Object {
            "alignItems": "center",
            "flex": 1,
            "justifyContent": "center",
          }
        }
      >
        <Text
          accessible={true}
          allowFontScaling={true}
          ellipsizeMode="tail"
          style={
            Object {
              "color": "black",
              "fontSize": 26,
            }
          }
        >
           
        </Text>
      </View>
    </View>
  </View>
  <View
    style={
      Object {
        "height": 83.44444444444444,
        "width": 83.44444444444444,
      }
    }
  >
    <View
      style={
        Object {
          "alignSelf": "stretch",
          "flex": 1,
        }
      }
    >
      <View
        style={
          Object {
            "alignItems": "center",
            "flex": 1,
            "justifyContent": "center",
          }
        }
      >
        <Text
          accessible={true}
          allowFontScaling={true}
          ellipsizeMode="tail"
          style={
            Object {
              "color": "black",
              "fontSize": 26,
            }
          }
        >
           
        </Text>
      </View>
    </View>
  </View>
  <View
    style={
      Object {
        "height": 83.44444444444444,
        "width": 83.44444444444444,
      }
    }
  >
    <View
      style={
        Object {
          "alignSelf": "stretch",
          "flex": 1,
        }
      }
    >
      <View
        style={
          Object {
            "alignItems": "center",
            "flex": 1,
            "justifyContent": "center",
          }
        }
      >
        <Text
          accessible={true}
          allowFontScaling={true}
          ellipsizeMode="tail"
          style={
            Object {
              "color": "black",
              "fontSize": 26,
            }
          }
        >
          3
        </Text>
      </View>
    </View>
  </View>
</View>
`;
